// Jest Snapshot v1, https://goo.gl/fbAQLP

exports[`Index page should match the snapshot 1`] = `
<main>
  <h1>
    Welcome to Home page
  </h1>
  <p>
    Here we have xmas gifts
  </p>
</main>
`;
